// Jest Snapshot v1, https://goo.gl/fbAQLP

exports[`creation of tag definitions for the advanced tag-loader mod can generate files using remove entries: created #minecraft:fire_resistant_logs 1`] = `
{
  "remove": [
    "#minecraft:logs_that_burn",
  ],
  "replace": false,
  "values": [
    "#minecraft:logs",
  ],
}
`;
