// Vitest Snapshot v1, https://vitest.dev/guide/snapshot.html

exports[`blacklist tests > generated a blacklist using dumped ids > jei blacklist config file using registry dump 1`] = `
"minecraft:dark_oak_boat
minecraft:dark_oak_button
minecraft:dark_oak_chest_boat
minecraft:dark_oak_door
minecraft:dark_oak_fence
minecraft:dark_oak_fence_gate
minecraft:dark_oak_leaves
minecraft:dark_oak_log
minecraft:dark_oak_planks
minecraft:dark_oak_pressure_plate
minecraft:dark_oak_sapling
minecraft:dark_oak_sign
minecraft:dark_oak_slab
minecraft:dark_oak_stairs
minecraft:dark_oak_trapdoor
minecraft:dark_oak_wood
minecraft:granite
minecraft:granite_slab
minecraft:granite_stairs
minecraft:granite_wall
minecraft:oak_boat
minecraft:oak_button
minecraft:oak_chest_boat
minecraft:oak_door
minecraft:oak_fence
minecraft:oak_fence_gate
minecraft:oak_leaves
minecraft:oak_log
minecraft:oak_planks
minecraft:oak_pressure_plate
minecraft:oak_sapling
minecraft:oak_sign
minecraft:oak_slab
minecraft:oak_stairs
minecraft:oak_trapdoor
minecraft:oak_wood
minecraft:petrified_oak_slab
minecraft:polished_granite
minecraft:polished_granite_slab
minecraft:polished_granite_stairs
minecraft:stripped_dark_oak_log
minecraft:stripped_dark_oak_wood
minecraft:stripped_oak_log
minecraft:stripped_oak_wood"
`;

exports[`blacklist tests > generated a jei blacklist config file > jei blacklist config file 1`] = `
"forge:milk
minecraft:ice
minecraft:stone
minecraft:water"
`;

exports[`blacklist tests > validates custom registry ids > jei blacklist config file using biome registry 1`] = `
"minecraft:basalt_deltas
minecraft:birch_forest
minecraft:crimson_forest
minecraft:dark_forest
minecraft:flower_forest
minecraft:old_growth_birch_forest
minecraft:warped_forest
minecraft:windswept_forest"
`;
