// Vitest Snapshot v1, https://vitest.dev/guide/snapshot.html

exports[`blacklist tests > does not create the jei blacklist config if nothing is hidden > creates a polytone tab modifier 1`] = `
"{
  "targets": ["minecraft:example_tab"],
  "removals": [
    {
      "type": "items_match",
      "items": [
        "minecraft:ice",
        "minecraft:lava",
        "minecraft:stone",
        "minecraft:water"
      ]
    }
  ]
}
"
`;
